
> afrah-tech-portfolio@0.0.0 build
> tsc && vite build

src/components/ChatBot.tsx(3,10): error TS6133: 'MessageSquare' is declared but its value is never read.
src/components/ChatBot.tsx(3,79): error TS6133: 'Globe' is declared but its value is never read.
src/components/ChatBot.tsx(3,86): error TS6133: 'Rocket' is declared but its value is never read.
